// Jest Snapshot v1, https://goo.gl/fbAQLP

exports[`Component: App should render without errors 1`] = `"<section class=\\"app\\"><h1>Zone Of Front-Enders</h1><div class=\\"columns\\"><aside><ul><li role=\\"item-user\\"><div class=\\"user\\"><strong class=\\"name\\">Andr√© Simoes</strong><div class=\\"github\\">Andre-rsfc</div></div></li><li role=\\"item-user\\"><div class=\\"user\\"><strong class=\\"name\\">Artur Bani</strong><div class=\\"github\\"></div></div></li><li role=\\"item-user\\"><div class=\\"user\\"><strong class=\\"name\\">Carolina Sampaio</strong><div class=\\"github\\">carolinasamp</div></div></li><li role=\\"item-user\\"><div class=\\"user\\"><strong class=\\"name\\">Clarisse Silva</strong><div class=\\"github\\"></div></div></li><li role=\\"item-user\\"><div class=\\"user\\"><strong class=\\"name\\">Gabriel Ataide</strong><div class=\\"github\\">gabecar</div></div></li><li role=\\"item-user\\"><div class=\\"user\\"><strong class=\\"name\\">Gabriel de Paula</strong><div class=\\"github\\">gabriel949</div></div></li><li role=\\"item-user\\"><div class=\\"user\\"><strong class=\\"name\\">Gabriel Prates</strong><div class=\\"github\\">gabsprates</div></div></li><li role=\\"item-user\\"><div class=\\"user\\"><strong class=\\"name\\">Ian Rodrigues</strong><div class=\\"github\\">IanPaixao</div></div></li><li role=\\"item-user\\"><div class=\\"user\\"><strong class=\\"name\\">Izabela Bittencourt</strong><div class=\\"github\\">belabittencourt</div></div></li><li role=\\"item-user\\"><div class=\\"user\\"><strong class=\\"name\\">Pedro Barbosa</strong><div class=\\"github\\"></div></div></li><li role=\\"item-user\\"><div class=\\"user\\"><strong class=\\"name\\">Saulo Vinicius</strong><div class=\\"github\\">sauloviniciusf</div></div></li></ul></aside></div></section>"`;
