// Jest Snapshot v1, https://goo.gl/fbAQLP

exports[`Component: App should render without errors 1`] = `"<div><section class=\\"app\\"><h1>\\"Zone Of Front-Enders\\"</h1><div class=\\"columns\\"><aside><ul><li><div class=\\"user\\"><strong class=\\"name\\">Albertinin Santos</strong><div class=\\"github\\">albertininm</div></div></li><li><div class=\\"user\\"><strong class=\\"name\\">Bruno Carvalho</strong><div class=\\"github\\">bcarvalho89</div></div></li><li><div class=\\"user\\"><strong class=\\"name\\">Gabriel Prates</strong><div class=\\"github\\">gabsprates</div></div></li><li><div class=\\"user\\"><strong class=\\"name\\">Jared Gorski</strong><div class=\\"github\\">jaredgorski</div></div></li><li><div class=\\"user\\"><strong class=\\"name\\">Mois√©s Menezes</strong><div class=\\"github\\">mgmenezes</div></div></li><li><div class=\\"user\\"><strong class=\\"name\\">Ygor Costa</strong><div class=\\"github\\">ygorcosta</div></div></li><li><div class=\\"user\\"><strong class=\\"name\\">Mateus Castro</strong><div class=\\"github\\">MateusCastro</div></div></li></ul></aside></div></section></div>"`;
